
PLAY [Build containers] ****************************************************************************************************************************

TASK [Build docker images] *************************************************************************************************************************
ok: [localhost] => (item=xenial)
ok: [localhost] => (item=bionic)

TASK [Run docker containers] ***********************************************************************************************************************
ok: [localhost] => (item=xenial)
ok: [localhost] => (item=bionic)

TASK [Create inventory group on-the-fly] ***********************************************************************************************************
ok: [localhost] => (item=xenial)
ok: [localhost] => (item=bionic)

PLAY [Run jdk play] ********************************************************************************************************************************

TASK [Gathering Facts] *****************************************************************************************************************************
ok: [xenial]
ok: [bionic]

TASK [everproven.jdk : Install requirements] *******************************************************************************************************
ok: [xenial] => (item=software-properties-common)
ok: [bionic] => (item=software-properties-common)
ok: [xenial] => (item=debconf-utils)
ok: [bionic] => (item=debconf-utils)
ok: [xenial] => (item=debconf)
ok: [bionic] => (item=debconf)
ok: [xenial] => (item=gnupg)
ok: [bionic] => (item=gnupg)

TASK [everproven.jdk : Add WebUpd8 team Oracle Java PPA] *******************************************************************************************
ok: [xenial]
ok: [bionic]

TASK [everproven.jdk : Accept Oracle license] ******************************************************************************************************
ok: [xenial]
ok: [bionic]

TASK [everproven.jdk : Install Oracle JDK 1.8] *****************************************************************************************************
ok: [xenial] => (item=oracle-java8-set-default)
ok: [bionic] => (item=oracle-java8-set-default)
ok: [xenial] => (item=oracle-java8-installer)
ok: [bionic] => (item=oracle-java8-installer)

PLAY RECAP *****************************************************************************************************************************************
bionic                     : ok=5    changed=0    unreachable=0    failed=0   
localhost                  : ok=3    changed=0    unreachable=0    failed=0   
xenial                     : ok=5    changed=0    unreachable=0    failed=0   

